Archive member included because of file (symbol)

c:/crossworks for arm 1.7/lib/liblpc2000_v4t_a_le.a(liblpc2000_lpc21xx_get_cclk.o)
                              ARM Flash Debug/LPC210x.o (liblpc2000_lpc21xx_get_cclk)
c:/crossworks for arm 1.7/lib/liblpc2000_v4t_a_le.a(liblpc2000_lpc21xx_get_pclk.o)
                              ARM Flash Debug/LPC210x.o (liblpc2000_lpc21xx_get_pclk)
c:/crossworks for arm 1.7/lib/libarmdi_v4t_a_le.a(libarm_set_irq.o)
                              ARM Flash Debug/main.o (libarm_set_irq)
c:/crossworks for arm 1.7/lib/libm_v4t_a_le.a(__int32_to_float32.o)
                              ARM Flash Debug/vfd.o (__floatsisf)
c:/crossworks for arm 1.7/lib/libm_v4t_a_le.a(__uint32_to_float32.o)
                              ARM Flash Debug/vfd.o (__floatunsisf)
c:/crossworks for arm 1.7/lib/libm_v4t_a_le.a(__float32_to_int32.o)
                              ARM Flash Debug/vfd.o (__fixsfsi)
c:/crossworks for arm 1.7/lib/libm_v4t_a_le.a(__float32_mul.o)
                              ARM Flash Debug/vfd.o (__mulsf3)
c:/crossworks for arm 1.7/lib/libm_v4t_a_le.a(__float32_div.o)
                              ARM Flash Debug/vfd.o (__divsf3)
c:/crossworks for arm 1.7/lib/libc_v4t_a_le.a(__int32_div.o)
                              ARM Flash Debug/vfd.o (__divsi3)
c:/crossworks for arm 1.7/lib/libc_v4t_a_le.a(__int32_udivmod.o)
                              c:/crossworks for arm 1.7/lib/libc_v4t_a_le.a(__int32_div.o) (__int32_udivmod)
c:/crossworks for arm 1.7/lib/libc_v4t_a_le.a(memcpy.o)
                              ARM Flash Debug/dcf.o (memcpy)
c:/crossworks for arm 1.7/lib/libc_v4t_a_le.a(memset.o)
                              ARM Flash Debug/dcf.o (memset)
c:/crossworks for arm 1.7/lib/libc_v4t_a_le.a(strncpy.o)
                              ARM Flash Debug/mp3.o (strncpy)
c:/crossworks for arm 1.7/lib/libc_v4t_a_le.a(sprintf.o)
                              ARM Flash Debug/mp3.o (sprintf)
c:/crossworks for arm 1.7/lib/libc_v4t_a_le.a(vsnprintf.o)
                              ARM Flash Debug/vfd.o (vsnprintf)
c:/crossworks for arm 1.7/lib/libc_v4t_a_le.a(atol.o)
                              ARM Flash Debug/mp3.o (atol)
c:/crossworks for arm 1.7/lib/libc_v4t_a_le.a(strtol.o)
                              c:/crossworks for arm 1.7/lib/libc_v4t_a_le.a(atol.o) (strtol)
c:/crossworks for arm 1.7/lib/libc_v4t_a_le.a(errno.o)
                              c:/crossworks for arm 1.7/lib/libc_v4t_a_le.a(atol.o) (errno)
c:/crossworks for arm 1.7/lib/libc_v4t_a_le.a(ctype.o)
                              c:/crossworks for arm 1.7/lib/libc_v4t_a_le.a(strtol.o) (isspace)
c:/crossworks for arm 1.7/lib/libc_v4t_a_le.a(__strtoul.o)
                              c:/crossworks for arm 1.7/lib/libc_v4t_a_le.a(strtol.o) (__strtoul)
c:/crossworks for arm 1.7/lib/libc_v4t_a_le.a(__digit.o)
                              c:/crossworks for arm 1.7/lib/libc_v4t_a_le.a(__strtoul.o) (__digit)
c:/crossworks for arm 1.7/lib/libc_targetio_impl_v4t_a_le.a(printf.o)
                              ARM Flash Debug/mp3.o (printf)
c:/crossworks for arm 1.7/lib/lib_vfprintf_long_v4t_a_le.a(__vfprintf_long.o)
                              c:/crossworks for arm 1.7/lib/libc_v4t_a_le.a(sprintf.o) (__vfprintf)
c:/crossworks for arm 1.7/lib/libc_v4t_a_le.a(strlen.o)
                              c:/crossworks for arm 1.7/lib/lib_vfprintf_long_v4t_a_le.a(__vfprintf_long.o) (strlen)
c:/crossworks for arm 1.7/lib/libc_v4t_a_le.a(__hex_lc_uc.o)
                              c:/crossworks for arm 1.7/lib/lib_vfprintf_long_v4t_a_le.a(__vfprintf_long.o) (__hex_uc)

Allocating common symbols
Common symbol       size              file

vfd_pg_percentfont  0x2               ARM Flash Debug/vfd.o
errno               0x4               c:/crossworks for arm 1.7/lib/libc_v4t_a_le.a(errno.o)
vfd_pg_y2           0x2               ARM Flash Debug/vfd.o
dcfdeltatimer       0x4               ARM Flash Debug/dcf.o
dcf2                0x28              ARM Flash Debug/dcf.o
vfd_pg_y1           0x2               ARM Flash Debug/vfd.o
vfd_pg_x2           0x2               ARM Flash Debug/vfd.o
vfd_pg_unit         0x4               ARM Flash Debug/vfd.o
dcf1                0x28              ARM Flash Debug/dcf.o
vfd_pg_maxvalue     0x2               ARM Flash Debug/vfd.o
dcfbuffer           0x20              ARM Flash Debug/dcf.o
vfd_pg_x1           0x2               ARM Flash Debug/vfd.o
vfd_pg_percentx     0x2               ARM Flash Debug/vfd.o
mp3list             0x12c0            ARM Flash Debug/mp3.o
mp3command_last     0x1               ARM Flash Debug/mp3.o
mp3command_queue    0x1e              ARM Flash Debug/mp3.o
vfd_modebits        0x4               ARM Flash Debug/vfd.o

Memory Configuration

Name             Origin             Length             Attributes
UNPLACED_SECTIONS 0xffffffff         0x00000000         xw
AHB_Peripherals  0xffe00000         0x00200000         xw
APB_Peripherals  0xe0000000         0x00200000         xw
SRAM             0x40000000         0x00002000         xw
FLASH            0x00000000         0x00008000         xr
*default*        0x00000000         0xffffffff

Linker script and memory map

                0xffe00000                __AHB_Peripherals_segment_start__ = 0xffe00000
                0x00000000                __AHB_Peripherals_segment_end__ = 0x0
                0xe0000000                __APB_Peripherals_segment_start__ = 0xe0000000
                0xe0200000                __APB_Peripherals_segment_end__ = 0xe0200000
                0x40000000                __SRAM_segment_start__ = 0x40000000
                0x40002000                __SRAM_segment_end__ = 0x40002000
                0x00000000                __FLASH_segment_start__ = 0x0
                0x00008000                __FLASH_segment_end__ = 0x8000
                0x00000400                __STACKSIZE__ = 0x400
                0x00000100                __STACKSIZE_IRQ__ = 0x100
                0x00000100                __STACKSIZE_FIQ__ = 0x100
                0x00000000                __STACKSIZE_SVC__ = 0x0
                0x00000000                __STACKSIZE_ABT__ = 0x0
                0x00000000                __STACKSIZE_UND__ = 0x0
                0x00000400                __HEAPSIZE__ = 0x400
                0x40000000                __vectors_ram_load_start__ = __SRAM_segment_start__

.vectors_ram    0x40000000       0x3c
                0x40000000                __vectors_ram_start__ = .
 *(.vectors_ram)
                0x4000003c                . = ((__vectors_ram_start__ + 0x3c) MAX_K .)
 *fill*         0x40000000       0x3c 00
                0x4000003c                __vectors_ram_end__ = (__vectors_ram_start__ + SIZEOF (.vectors_ram))
                0x00000001                . = ASSERT (((__vectors_ram_end__ >= __SRAM_segment_start__) && (__vectors_ram_end__ <= (__SRAM_segment_start__ + 0x2000))), error: .vectors_ram is too large to fit in SRAM memory segment)
                0x00000000                __vectors_load_start__ = __FLASH_segment_start__

.vectors        0x00000000       0x3c
                0x00000000                __vectors_start__ = .
 *(.vectors .vectors.*)
 .vectors       0x00000000       0x3c ARM Flash Debug/Philips_LPC210X_Startup.o
                0x00000000                _vectors
                0x0000003c                __vectors_end__ = (__vectors_start__ + SIZEOF (.vectors))
                0x00000001                . = ASSERT (((__vectors_end__ >= __FLASH_segment_start__) && (__vectors_end__ <= (__FLASH_segment_start__ + 0x8000))), error: .vectors is too large to fit in FLASH memory segment)
                0x0000003c                __init_load_start__ = (__vectors_end__ ALIGN 0x4)

.init           0x0000003c      0x260
                0x0000003c                __init_start__ = .
 *(.init .init.*)
 *fill*         0x0000003c        0x4 00
 .init          0x00000040      0x1d0 ARM Flash Debug/crt0.o
                0x00000040                __start
                0x00000040                _start
 .init          0x00000210       0x8c ARM Flash Debug/Philips_LPC210X_Startup.o
                0x00000210                reset_handler
                0x00000280                undef_handler
                0x00000288                pabort_handler
                0x0000028c                dabort_handler
                0x00000284                swi_handler
                0x00000290                fiq_handler
                0x0000029c                __init_end__ = (__init_start__ + SIZEOF (.init))
                0x00000001                . = ASSERT (((__init_end__ >= __FLASH_segment_start__) && (__init_end__ <= (__FLASH_segment_start__ + 0x8000))), error: .init is too large to fit in FLASH memory segment)
                0x0000029c                __text_load_start__ = (__init_end__ ALIGN 0x4)

.text           0x0000029c     0x4744
                0x0000029c                __text_start__ = .
 *(.text .text.* .glue_7t .glue_7 .gnu.linkonce.t.* .gcc_except_table)
 .text          0x0000029c      0x22c ARM Flash Debug/main.o
                0x0000029c                spi_lock
                0x0000033c                setupPorts()
                0x000002f4                spi_unlock
                0x00000388                tick()
                0x00000474                main
 .glue_7        0x000004c8        0x0 ARM Flash Debug/main.o
 .glue_7t       0x000004c8        0x0 ARM Flash Debug/main.o
 .text          0x000004c8      0x7ec ARM Flash Debug/dcf.o
                0x000007a8                do_dcf_decode
                0x000006d4                bcddecode
                0x00000728                bcdencode
 .glue_7        0x00000cb4        0x0 ARM Flash Debug/dcf.o
 .glue_7t       0x00000cb4        0x0 ARM Flash Debug/dcf.o
 .text          0x00000cb4     0x1068 ARM Flash Debug/mp3.o
                0x00000cec                amp_off
                0x00000ff0                mp3clearqueue
                0x000014f4                mp3setnextfile
                0x00000f08                __putchar
                0x000011ec                mp3sendcommand
                0x000016ec                mp3displaydata
                0x00000d24                amp_power
                0x00000f38                get_queue_length
                0x00001658                mp3displaytime
                0x000017e8                mp3start
                0x0000158c                mp3setprevfile
                0x00001120                mp3commandpop
                0x00000cb4                amp_standby
                0x0000147c                mp3execute
                0x00001810                domp3message
                0x00001048                mp3commandpush
                0x00001620                mp3clear
 .glue_7        0x00001d1c        0x0 ARM Flash Debug/mp3.o
 .glue_7t       0x00001d1c        0x0 ARM Flash Debug/mp3.o
 .text          0x00001d1c      0x978 ARM Flash Debug/rtc.o
                0x00001dec                rtc_init
                0x00001ee8                rtc_write
                0x000023b4                rtc_read_config_int
                0x00002174                cbcddecode
                0x0000227c                rtc_write_config
                0x00001e7c                cbcdencode
                0x0000243c                rtc_read_time
                0x00001fb4                rtc_write_time
                0x00001d58                spi0_write_sync
                0x000021c0                rtc_read_config
                0x00002330                rtc_write_config_int
 .glue_7        0x00002694        0x0 ARM Flash Debug/rtc.o
 .glue_7t       0x00002694        0x0 ARM Flash Debug/rtc.o
 .text          0x00002694      0xb58 ARM Flash Debug/vfd.o
                0x00002788                vfd_putstring
                0x00002a58                vfd_gotoxy
                0x000028a8                vfd_setgraphics_macro
                0x00002c90                vfd_init
                0x00002a08                vfd_setmode
                0x000026d0                vfd_putc
                0x00002bd0                vfd_keyboardscan
                0x00002978                vfd_setbrightness
                0x00002d00                vfd_make_progressbar
                0x000027fc                vfd_printf
                0x00002fd4                vfd_update_progressbar
                0x0000316c                vfd_clear_progressbar
                0x000029b8                vfd_setcursor
                0x00002b80                vfd_off
                0x00002ba8                vfd_on
                0x00002b44                vfd_readport
                0x00002ab8                vfd_readbyte
                0x00002c08                vfd_docmd4
 .glue_7        0x000031ec        0x0 ARM Flash Debug/vfd.o
 .glue_7t       0x000031ec        0x0 ARM Flash Debug/vfd.o
 .text          0x000031ec        0x0 ARM Flash Debug/crt0.o
 .glue_7        0x000031ec        0x0 ARM Flash Debug/crt0.o
 .glue_7t       0x000031ec        0x0 ARM Flash Debug/crt0.o
 .text          0x000031ec        0x0 ARM Flash Debug/Philips_LPC210X_Startup.o
 .glue_7        0x000031ec        0x0 ARM Flash Debug/Philips_LPC210X_Startup.o
 .glue_7t       0x000031ec        0x0 ARM Flash Debug/Philips_LPC210X_Startup.o
 .text          0x000031ec      0x138 ARM Flash Debug/LPC210x.o
                0x00003304                ctl_get_ticks_per_second
                0x00003228                ctl_start_timer
 .glue_7        0x00003324        0x0 ARM Flash Debug/LPC210x.o
 .glue_7t       0x00003324        0x0 ARM Flash Debug/LPC210x.o
 .text          0x00003324      0x350 ARM Flash Debug/VIC.o
                0x000035f4                ctl_unmask_isr
                0x00003324                ctl_set_isr
                0x00003634                ctl_mask_isr
 .glue_7        0x00003674        0x0 ARM Flash Debug/VIC.o
 .glue_7t       0x00003674        0x0 ARM Flash Debug/VIC.o
 .text          0x00003674       0x44 ARM Flash Debug/VIC_irq_handler.o
                0x00003674                irq_handler
 .glue_7        0x000036b8        0x0 ARM Flash Debug/VIC_irq_handler.o
 .glue_7t       0x000036b8        0x0 ARM Flash Debug/VIC_irq_handler.o
 .text          0x000036b8        0x0 c:/crossworks for arm 1.7/lib/liblpc2000_v4t_a_le.a(liblpc2000_lpc21xx_get_cclk.o)
 .text.liblpc2000
                0x000036b8        0x0 c:/crossworks for arm 1.7/lib/liblpc2000_v4t_a_le.a(liblpc2000_lpc21xx_get_cclk.o)
 .text.liblpc2000.liblpc2000_lpc21xx_get_cclk
                0x000036b8       0x2c c:/crossworks for arm 1.7/lib/liblpc2000_v4t_a_le.a(liblpc2000_lpc21xx_get_cclk.o)
                0x000036b8                liblpc2000_get_cclk
                0x000036b8                liblpc2000_lpc21xx_get_cclk
 .glue_7        0x000036e4        0x0 c:/crossworks for arm 1.7/lib/liblpc2000_v4t_a_le.a(liblpc2000_lpc21xx_get_cclk.o)
 .glue_7t       0x000036e4        0x0 c:/crossworks for arm 1.7/lib/liblpc2000_v4t_a_le.a(liblpc2000_lpc21xx_get_cclk.o)
 .text          0x000036e4        0x0 c:/crossworks for arm 1.7/lib/liblpc2000_v4t_a_le.a(liblpc2000_lpc21xx_get_pclk.o)
 .text.liblpc2000
                0x000036e4        0x0 c:/crossworks for arm 1.7/lib/liblpc2000_v4t_a_le.a(liblpc2000_lpc21xx_get_pclk.o)
 .text.liblpc2000.liblpc2000_lpc21xx_get_pclk
                0x000036e4       0x28 c:/crossworks for arm 1.7/lib/liblpc2000_v4t_a_le.a(liblpc2000_lpc21xx_get_pclk.o)
                0x000036e4                liblpc2000_get_pclk
                0x000036e4                liblpc2000_lpc21xx_get_pclk
 .glue_7        0x0000370c        0x0 c:/crossworks for arm 1.7/lib/liblpc2000_v4t_a_le.a(liblpc2000_lpc21xx_get_pclk.o)
 .glue_7t       0x0000370c        0x0 c:/crossworks for arm 1.7/lib/liblpc2000_v4t_a_le.a(liblpc2000_lpc21xx_get_pclk.o)
 .text          0x0000370c        0x0 c:/crossworks for arm 1.7/lib/libarmdi_v4t_a_le.a(libarm_set_irq.o)
 *fill*         0x0000370c        0x4 00
 .text.libc     0x00003710       0x30 c:/crossworks for arm 1.7/lib/libarmdi_v4t_a_le.a(libarm_set_irq.o)
                0x00003710                ctl_global_interrupts_set
                0x00003710                libarm_set_irq
 .glue_7        0x00003740        0x0 c:/crossworks for arm 1.7/lib/libarmdi_v4t_a_le.a(libarm_set_irq.o)
 .glue_7t       0x00003740        0x0 c:/crossworks for arm 1.7/lib/libarmdi_v4t_a_le.a(libarm_set_irq.o)
 .text          0x00003740        0x0 c:/crossworks for arm 1.7/lib/libm_v4t_a_le.a(__int32_to_float32.o)
 .text.libc     0x00003740       0x70 c:/crossworks for arm 1.7/lib/libm_v4t_a_le.a(__int32_to_float32.o)
                0x00003740                __int32_to_float32
                0x00003740                __floatsisf
                0x00003754                __int32_to_float32_common
 .glue_7        0x000037b0        0x0 c:/crossworks for arm 1.7/lib/libm_v4t_a_le.a(__int32_to_float32.o)
 .glue_7t       0x000037b0        0x0 c:/crossworks for arm 1.7/lib/libm_v4t_a_le.a(__int32_to_float32.o)
 .text          0x000037b0        0x0 c:/crossworks for arm 1.7/lib/libm_v4t_a_le.a(__uint32_to_float32.o)
 .text.libc     0x000037b0       0x10 c:/crossworks for arm 1.7/lib/libm_v4t_a_le.a(__uint32_to_float32.o)
                0x000037b0                __uint32_to_float32
                0x000037b0                __floatunsisf
 .glue_7        0x000037c0        0x0 c:/crossworks for arm 1.7/lib/libm_v4t_a_le.a(__uint32_to_float32.o)
 .glue_7t       0x000037c0        0x0 c:/crossworks for arm 1.7/lib/libm_v4t_a_le.a(__uint32_to_float32.o)
 .text          0x000037c0        0x0 c:/crossworks for arm 1.7/lib/libm_v4t_a_le.a(__float32_to_int32.o)
 .text.libc     0x000037c0       0x50 c:/crossworks for arm 1.7/lib/libm_v4t_a_le.a(__float32_to_int32.o)
                0x000037c0                __fixsfsi
                0x000037c0                __float32_to_int32
 .glue_7        0x00003810        0x0 c:/crossworks for arm 1.7/lib/libm_v4t_a_le.a(__float32_to_int32.o)
 .glue_7t       0x00003810        0x0 c:/crossworks for arm 1.7/lib/libm_v4t_a_le.a(__float32_to_int32.o)
 .text          0x00003810        0x0 c:/crossworks for arm 1.7/lib/libm_v4t_a_le.a(__float32_mul.o)
 .text.libc     0x00003810      0x120 c:/crossworks for arm 1.7/lib/libm_v4t_a_le.a(__float32_mul.o)
                0x00003810                __float32_mul
                0x00003810                __mulsf3
 .glue_7        0x00003930        0x0 c:/crossworks for arm 1.7/lib/libm_v4t_a_le.a(__float32_mul.o)
 .glue_7t       0x00003930        0x0 c:/crossworks for arm 1.7/lib/libm_v4t_a_le.a(__float32_mul.o)
 .text          0x00003930        0x0 c:/crossworks for arm 1.7/lib/libm_v4t_a_le.a(__float32_div.o)
 .text.libc     0x00003930      0x230 c:/crossworks for arm 1.7/lib/libm_v4t_a_le.a(__float32_div.o)
                0x00003930                __divsf3
                0x00003930                __float32_div
 .glue_7        0x00003b60        0x0 c:/crossworks for arm 1.7/lib/libm_v4t_a_le.a(__float32_div.o)
 .glue_7t       0x00003b60        0x0 c:/crossworks for arm 1.7/lib/libm_v4t_a_le.a(__float32_div.o)
 .text          0x00003b60        0x0 c:/crossworks for arm 1.7/lib/libc_v4t_a_le.a(__int32_div.o)
 .text.libc     0x00003b60       0x50 c:/crossworks for arm 1.7/lib/libc_v4t_a_le.a(__int32_div.o)
                0x00003b60                __int32_div
                0x00003b60                __divsi3
 .glue_7        0x00003bb0        0x0 c:/crossworks for arm 1.7/lib/libc_v4t_a_le.a(__int32_div.o)
 .glue_7t       0x00003bb0        0x0 c:/crossworks for arm 1.7/lib/libc_v4t_a_le.a(__int32_div.o)
 .text          0x00003bb0        0x0 c:/crossworks for arm 1.7/lib/libc_v4t_a_le.a(__int32_udivmod.o)
 .text.libc     0x00003bb0       0x30 c:/crossworks for arm 1.7/lib/libc_v4t_a_le.a(__int32_udivmod.o)
                0x00003bb0                __int32_udiv
                0x00003bb0                __int32_udivmod
                0x00003bb0                __udivsi3
 .glue_7        0x00003be0        0x0 c:/crossworks for arm 1.7/lib/libc_v4t_a_le.a(__int32_udivmod.o)
 .glue_7t       0x00003be0        0x0 c:/crossworks for arm 1.7/lib/libc_v4t_a_le.a(__int32_udivmod.o)
 .text          0x00003be0        0x0 c:/crossworks for arm 1.7/lib/libc_v4t_a_le.a(memcpy.o)
 .text.libc     0x00003be0       0x60 c:/crossworks for arm 1.7/lib/libc_v4t_a_le.a(memcpy.o)
                0x00003be0                memcpy
 .glue_7        0x00003c40        0x0 c:/crossworks for arm 1.7/lib/libc_v4t_a_le.a(memcpy.o)
 .glue_7t       0x00003c40        0x0 c:/crossworks for arm 1.7/lib/libc_v4t_a_le.a(memcpy.o)
 .text          0x00003c40        0x0 c:/crossworks for arm 1.7/lib/libc_v4t_a_le.a(memset.o)
 .text.libc     0x00003c40       0xa0 c:/crossworks for arm 1.7/lib/libc_v4t_a_le.a(memset.o)
                0x00003c40                memset
 .glue_7        0x00003ce0        0x0 c:/crossworks for arm 1.7/lib/libc_v4t_a_le.a(memset.o)
 .glue_7t       0x00003ce0        0x0 c:/crossworks for arm 1.7/lib/libc_v4t_a_le.a(memset.o)
 .text          0x00003ce0        0x0 c:/crossworks for arm 1.7/lib/libc_v4t_a_le.a(strncpy.o)
 .text.libc     0x00003ce0       0x78 c:/crossworks for arm 1.7/lib/libc_v4t_a_le.a(strncpy.o)
                0x00003ce0                strncpy
 .glue_7        0x00003d58        0x0 c:/crossworks for arm 1.7/lib/libc_v4t_a_le.a(strncpy.o)
 .glue_7t       0x00003d58        0x0 c:/crossworks for arm 1.7/lib/libc_v4t_a_le.a(strncpy.o)
 .text          0x00003d58        0x0 c:/crossworks for arm 1.7/lib/libc_v4t_a_le.a(sprintf.o)
 .text.libc     0x00003d58       0x44 c:/crossworks for arm 1.7/lib/libc_v4t_a_le.a(sprintf.o)
                0x00003d58                sprintf
 .glue_7        0x00003d9c        0x0 c:/crossworks for arm 1.7/lib/libc_v4t_a_le.a(sprintf.o)
 .glue_7t       0x00003d9c        0x0 c:/crossworks for arm 1.7/lib/libc_v4t_a_le.a(sprintf.o)
 .text          0x00003d9c        0x0 c:/crossworks for arm 1.7/lib/libc_v4t_a_le.a(vsnprintf.o)
 .text.libc     0x00003d9c       0x34 c:/crossworks for arm 1.7/lib/libc_v4t_a_le.a(vsnprintf.o)
                0x00003d9c                vsnprintf
 .glue_7        0x00003dd0        0x0 c:/crossworks for arm 1.7/lib/libc_v4t_a_le.a(vsnprintf.o)
 .glue_7t       0x00003dd0        0x0 c:/crossworks for arm 1.7/lib/libc_v4t_a_le.a(vsnprintf.o)
 .text          0x00003dd0        0x0 c:/crossworks for arm 1.7/lib/libc_v4t_a_le.a(atol.o)
 .text.libc     0x00003dd0       0x28 c:/crossworks for arm 1.7/lib/libc_v4t_a_le.a(atol.o)
                0x00003dd0                atol
 .glue_7        0x00003df8        0x0 c:/crossworks for arm 1.7/lib/libc_v4t_a_le.a(atol.o)
 .glue_7t       0x00003df8        0x0 c:/crossworks for arm 1.7/lib/libc_v4t_a_le.a(atol.o)
 .text          0x00003df8        0x0 c:/crossworks for arm 1.7/lib/libc_v4t_a_le.a(strtol.o)
 .text.libc     0x00003df8       0xc4 c:/crossworks for arm 1.7/lib/libc_v4t_a_le.a(strtol.o)
                0x00003df8                strtol
 .glue_7        0x00003ebc        0x0 c:/crossworks for arm 1.7/lib/libc_v4t_a_le.a(strtol.o)
 .glue_7t       0x00003ebc        0x0 c:/crossworks for arm 1.7/lib/libc_v4t_a_le.a(strtol.o)
 .text          0x00003ebc        0x0 c:/crossworks for arm 1.7/lib/libc_v4t_a_le.a(errno.o)
 .text.libc     0x00003ebc        0x0 c:/crossworks for arm 1.7/lib/libc_v4t_a_le.a(errno.o)
 .glue_7        0x00003ebc        0x0 c:/crossworks for arm 1.7/lib/libc_v4t_a_le.a(errno.o)
 .glue_7t       0x00003ebc        0x0 c:/crossworks for arm 1.7/lib/libc_v4t_a_le.a(errno.o)
 .text          0x00003ebc        0x0 c:/crossworks for arm 1.7/lib/libc_v4t_a_le.a(ctype.o)
 .text.libc     0x00003ebc      0x180 c:/crossworks for arm 1.7/lib/libc_v4t_a_le.a(ctype.o)
                0x00004028                isblank
                0x00003eec                islower
                0x00004000                tolower
                0x00003f5c                ispunct
                0x00003f40                isspace
                0x00003f14                isxdigit
                0x00003ed8                isupper
                0x00003ebc                isalpha
                0x00003fd8                isgraph
                0x00003f98                isalnum
                0x00003fc4                isprint
                0x00003f00                isdigit
                0x00003fec                iscntrl
                0x00004014                toupper
 .glue_7        0x0000403c        0x0 c:/crossworks for arm 1.7/lib/libc_v4t_a_le.a(ctype.o)
 .glue_7t       0x0000403c        0x0 c:/crossworks for arm 1.7/lib/libc_v4t_a_le.a(ctype.o)
 .text          0x0000403c        0x0 c:/crossworks for arm 1.7/lib/libc_v4t_a_le.a(__strtoul.o)
 .text.libc     0x0000403c      0x128 c:/crossworks for arm 1.7/lib/libc_v4t_a_le.a(__strtoul.o)
                0x0000403c                __strtoul
 .glue_7        0x00004164        0x0 c:/crossworks for arm 1.7/lib/libc_v4t_a_le.a(__strtoul.o)
 .glue_7t       0x00004164        0x0 c:/crossworks for arm 1.7/lib/libc_v4t_a_le.a(__strtoul.o)
 .text          0x00004164        0x0 c:/crossworks for arm 1.7/lib/libc_v4t_a_le.a(__digit.o)
 .text.libc     0x00004164       0x54 c:/crossworks for arm 1.7/lib/libc_v4t_a_le.a(__digit.o)
                0x00004164                __digit
 .glue_7        0x000041b8        0x0 c:/crossworks for arm 1.7/lib/libc_v4t_a_le.a(__digit.o)
 .glue_7t       0x000041b8        0x0 c:/crossworks for arm 1.7/lib/libc_v4t_a_le.a(__digit.o)
 .text          0x000041b8        0x0 c:/crossworks for arm 1.7/lib/libc_targetio_impl_v4t_a_le.a(printf.o)
 .text.libc     0x000041b8       0x4c c:/crossworks for arm 1.7/lib/libc_targetio_impl_v4t_a_le.a(printf.o)
                0x000041b8                printf
 .glue_7        0x00004204        0x0 c:/crossworks for arm 1.7/lib/libc_targetio_impl_v4t_a_le.a(printf.o)
 .glue_7t       0x00004204        0x0 c:/crossworks for arm 1.7/lib/libc_targetio_impl_v4t_a_le.a(printf.o)
 .text          0x00004204        0x0 c:/crossworks for arm 1.7/lib/lib_vfprintf_long_v4t_a_le.a(__vfprintf_long.o)
 .text.libc     0x00004204      0x778 c:/crossworks for arm 1.7/lib/lib_vfprintf_long_v4t_a_le.a(__vfprintf_long.o)
                0x000042c0                __vfprintf
 .glue_7        0x0000497c        0x0 c:/crossworks for arm 1.7/lib/lib_vfprintf_long_v4t_a_le.a(__vfprintf_long.o)
 .glue_7t       0x0000497c        0x0 c:/crossworks for arm 1.7/lib/lib_vfprintf_long_v4t_a_le.a(__vfprintf_long.o)
 .text          0x0000497c        0x0 c:/crossworks for arm 1.7/lib/libc_v4t_a_le.a(strlen.o)
 *fill*         0x0000497c        0x4 00
 .text.libc     0x00004980       0x60 c:/crossworks for arm 1.7/lib/libc_v4t_a_le.a(strlen.o)
                0x00004980                strlen
 .glue_7        0x000049e0        0x0 c:/crossworks for arm 1.7/lib/libc_v4t_a_le.a(strlen.o)
 .glue_7t       0x000049e0        0x0 c:/crossworks for arm 1.7/lib/libc_v4t_a_le.a(strlen.o)
 .text          0x000049e0        0x0 c:/crossworks for arm 1.7/lib/libc_v4t_a_le.a(__hex_lc_uc.o)
 .text.libc     0x000049e0        0x0 c:/crossworks for arm 1.7/lib/libc_v4t_a_le.a(__hex_lc_uc.o)
 .glue_7        0x000049e0        0x0 c:/crossworks for arm 1.7/lib/libc_v4t_a_le.a(__hex_lc_uc.o)
 .glue_7t       0x000049e0        0x0 c:/crossworks for arm 1.7/lib/libc_v4t_a_le.a(__hex_lc_uc.o)
                0x000049e0                __text_end__ = (__text_start__ + SIZEOF (.text))
                0x00000001                . = ASSERT (((__text_end__ >= __FLASH_segment_start__) && (__text_end__ <= (__FLASH_segment_start__ + 0x8000))), error: .text is too large to fit in FLASH memory segment)
                0x000049e0                __dtors_load_start__ = (__text_end__ ALIGN 0x4)

.dtors          0x000049e0        0x0
                0x000049e0                __dtors_start__ = .
 *(SORT(.dtors.*))
 *(.dtors)
                0x000049e0                __dtors_end__ = (__dtors_start__ + SIZEOF (.dtors))
                0x00000001                . = ASSERT (((__dtors_end__ >= __FLASH_segment_start__) && (__dtors_end__ <= (__FLASH_segment_start__ + 0x8000))), error: .dtors is too large to fit in FLASH memory segment)
                0x000049e0                __ctors_load_start__ = (__dtors_end__ ALIGN 0x4)

.ctors          0x000049e0        0x0
                0x000049e0                __ctors_start__ = .
 *(SORT(.ctors.*))
 *(.ctors)
                0x000049e0                __ctors_end__ = (__ctors_start__ + SIZEOF (.ctors))
                0x00000001                . = ASSERT (((__ctors_end__ >= __FLASH_segment_start__) && (__ctors_end__ <= (__FLASH_segment_start__ + 0x8000))), error: .ctors is too large to fit in FLASH memory segment)
                0x000049e0                __rodata_load_start__ = (__ctors_end__ ALIGN 0x4)

.rodata         0x000049e0      0x21c
                0x000049e0                __rodata_start__ = .
 *(.rodata .rodata.* .gnu.linkonce.r.*)
 .rodata        0x000049e0       0x3c ARM Flash Debug/main.o
                0x000049f0                TimeFormat
                0x00004a0c                Days
                0x000049fc                FrequencyFormat
                0x000049e0                Exit
                0x000049e8                Save
 .rodata        0x00004a1c       0xb8 ARM Flash Debug/mp3.o
 .rodata        0x00004ad4        0x8 ARM Flash Debug/vfd.o
 .rodata.libc   0x00004adc      0x100 c:/crossworks for arm 1.7/lib/libc_v4t_a_le.a(ctype.o)
                0x00004adc                __ctype
 .rodata.libc   0x00004bdc       0x20 c:/crossworks for arm 1.7/lib/libc_v4t_a_le.a(__hex_lc_uc.o)
                0x00004bdc                __hex_uc
                0x00004bec                __hex_lc
                0x00004bfc                __rodata_end__ = (__rodata_start__ + SIZEOF (.rodata))
                0x00000001                . = ASSERT (((__rodata_end__ >= __FLASH_segment_start__) && (__rodata_end__ <= (__FLASH_segment_start__ + 0x8000))), error: .rodata is too large to fit in FLASH memory segment)
                0x00004bfc                __fast_load_start__ = (__rodata_end__ ALIGN 0x4)

.fast           0x4000003c        0x0 load address 0x00004bfc
                0x4000003c                __fast_start__ = .
 *(.fast .fast.*)
                0x4000003c                __fast_end__ = (__fast_start__ + SIZEOF (.fast))
                0x00004bfc                __fast_load_end__ = (__fast_load_start__ + SIZEOF (.fast))
                0x00000001                . = ASSERT ((((__fast_load_start__ + SIZEOF (.fast)) >= __FLASH_segment_start__) && ((__fast_load_start__ + SIZEOF (.fast)) <= (__FLASH_segment_start__ + 0x8000))), error: .fast is too large to fit in FLASH memory segment)

.fast_run       0x4000003c        0x0
                0x4000003c                __fast_run_start__ = .
                0x4000003c                . = ((__fast_run_start__ + SIZEOF (.fast)) MAX_K .)
                0x4000003c                __fast_run_end__ = (__fast_run_start__ + SIZEOF (.fast_run))
                0x00000001                . = ASSERT (((__fast_run_end__ >= __SRAM_segment_start__) && (__fast_run_end__ <= (__SRAM_segment_start__ + 0x2000))), error: .fast_run is too large to fit in SRAM memory segment)
                0x00004bfc                __data_load_start__ = ((__fast_load_start__ + SIZEOF (.fast)) ALIGN 0x4)

.data           0x4000003c       0x14 load address 0x00004bfc
                0x4000003c                __data_start__ = .
 *(.data .data.* .gnu.linkonce.d.*)
 .data          0x4000003c        0xc ARM Flash Debug/main.o
                0x4000003e                cfg_alarmminute
                0x40000046                cfg_displaytimeout
                0x40000040                cfg_alarmhour
                0x40000042                cfg_mp3volume
                0x40000044                cfg_mp3timeout
                0x4000003c                cfg_alarmmode
 .data          0x40000048        0x0 ARM Flash Debug/dcf.o
 .data          0x40000048        0x0 ARM Flash Debug/mp3.o
 .data          0x40000048        0x0 ARM Flash Debug/rtc.o
 .data          0x40000048        0x8 ARM Flash Debug/vfd.o
                0x40000048                vfd_turm
 .data          0x40000050        0x0 ARM Flash Debug/crt0.o
 .data          0x40000050        0x0 ARM Flash Debug/Philips_LPC210X_Startup.o
 .data          0x40000050        0x0 ARM Flash Debug/LPC210x.o
 .data          0x40000050        0x0 ARM Flash Debug/VIC.o
 .data          0x40000050        0x0 ARM Flash Debug/VIC_irq_handler.o
 .data          0x40000050        0x0 c:/crossworks for arm 1.7/lib/liblpc2000_v4t_a_le.a(liblpc2000_lpc21xx_get_cclk.o)
 .data          0x40000050        0x0 c:/crossworks for arm 1.7/lib/liblpc2000_v4t_a_le.a(liblpc2000_lpc21xx_get_pclk.o)
 .data          0x40000050        0x0 c:/crossworks for arm 1.7/lib/libarmdi_v4t_a_le.a(libarm_set_irq.o)
 .data          0x40000050        0x0 c:/crossworks for arm 1.7/lib/libm_v4t_a_le.a(__int32_to_float32.o)
 .data          0x40000050        0x0 c:/crossworks for arm 1.7/lib/libm_v4t_a_le.a(__uint32_to_float32.o)
 .data          0x40000050        0x0 c:/crossworks for arm 1.7/lib/libm_v4t_a_le.a(__float32_to_int32.o)
 .data          0x40000050        0x0 c:/crossworks for arm 1.7/lib/libm_v4t_a_le.a(__float32_mul.o)
 .data          0x40000050        0x0 c:/crossworks for arm 1.7/lib/libm_v4t_a_le.a(__float32_div.o)
 .data          0x40000050        0x0 c:/crossworks for arm 1.7/lib/libc_v4t_a_le.a(__int32_div.o)
 .data          0x40000050        0x0 c:/crossworks for arm 1.7/lib/libc_v4t_a_le.a(__int32_udivmod.o)
 .data          0x40000050        0x0 c:/crossworks for arm 1.7/lib/libc_v4t_a_le.a(memcpy.o)
 .data          0x40000050        0x0 c:/crossworks for arm 1.7/lib/libc_v4t_a_le.a(memset.o)
 .data          0x40000050        0x0 c:/crossworks for arm 1.7/lib/libc_v4t_a_le.a(strncpy.o)
 .data          0x40000050        0x0 c:/crossworks for arm 1.7/lib/libc_v4t_a_le.a(sprintf.o)
 .data          0x40000050        0x0 c:/crossworks for arm 1.7/lib/libc_v4t_a_le.a(vsnprintf.o)
 .data          0x40000050        0x0 c:/crossworks for arm 1.7/lib/libc_v4t_a_le.a(atol.o)
 .data          0x40000050        0x0 c:/crossworks for arm 1.7/lib/libc_v4t_a_le.a(strtol.o)
 .data          0x40000050        0x0 c:/crossworks for arm 1.7/lib/libc_v4t_a_le.a(errno.o)
 .data          0x40000050        0x0 c:/crossworks for arm 1.7/lib/libc_v4t_a_le.a(ctype.o)
 .data          0x40000050        0x0 c:/crossworks for arm 1.7/lib/libc_v4t_a_le.a(__strtoul.o)
 .data          0x40000050        0x0 c:/crossworks for arm 1.7/lib/libc_v4t_a_le.a(__digit.o)
 .data          0x40000050        0x0 c:/crossworks for arm 1.7/lib/libc_targetio_impl_v4t_a_le.a(printf.o)
 .data          0x40000050        0x0 c:/crossworks for arm 1.7/lib/lib_vfprintf_long_v4t_a_le.a(__vfprintf_long.o)
 .data          0x40000050        0x0 c:/crossworks for arm 1.7/lib/libc_v4t_a_le.a(strlen.o)
 .data          0x40000050        0x0 c:/crossworks for arm 1.7/lib/libc_v4t_a_le.a(__hex_lc_uc.o)
                0x40000050                __data_end__ = (__data_start__ + SIZEOF (.data))
                0x00004c10                __data_load_end__ = (__data_load_start__ + SIZEOF (.data))
                0x00004c10                __FLASH_segment_used_end__ = (((__fast_load_start__ + SIZEOF (.fast)) ALIGN 0x4) + SIZEOF (.data))
                0x00000001                . = ASSERT ((((__data_load_start__ + SIZEOF (.data)) >= __FLASH_segment_start__) && ((__data_load_start__ + SIZEOF (.data)) <= (__FLASH_segment_start__ + 0x8000))), error: .data is too large to fit in FLASH memory segment)

.data_run       0x4000003c       0x14
                0x4000003c                __data_run_start__ = .
                0x40000050                . = ((__data_run_start__ + SIZEOF (.data)) MAX_K .)
 *fill*         0x4000003c       0x14 00
                0x40000050                __data_run_end__ = (__data_run_start__ + SIZEOF (.data_run))
                0x00000001                . = ASSERT (((__data_run_end__ >= __SRAM_segment_start__) && (__data_run_end__ <= (__SRAM_segment_start__ + 0x2000))), error: .data_run is too large to fit in SRAM memory segment)
                0x40000050                __bss_load_start__ = (__data_run_end__ ALIGN 0x4)

.bss            0x40000050     0x1480
                0x40000050                __bss_start__ = .
 *(.bss .bss.* .gnu.linkonce.b.*)
 .bss           0x40000050       0x1c ARM Flash Debug/main.o
                0x40000050                cfg_alarmstate
                0x40000060                secondticks
                0x4000005a                cfg_entrymode
                0x40000052                cfg_alarmdays
                0x40000056                cfg_mp3title
                0x40000058                cfg_showdebug
                0x4000005c                spi0_lock
                0x40000054                cfg_mp3state
 .bss           0x4000006c       0x18 ARM Flash Debug/dcf.o
                0x4000007e                dcfvalid
                0x40000082                dcfsync
                0x40000078                dcfsavetimenow
                0x40000080                dcfreceived
                0x4000007c                dcfsignal
                0x4000006c                dcfbitcount
                0x40000074                dcfdecodenow
                0x40000070                dcfsequence
 .bss           0x40000084       0x56 ARM Flash Debug/mp3.o
                0x40000088                mp3status
                0x4000009a                mp3command_queue_start
                0x4000008a                mp3completed
                0x4000008e                mp3playing
                0x40000098                mp3cardmissing
                0x40000094                mp3fetch
                0x40000090                mp3timeout
                0x40000096                mp3currenttime
                0x4000008c                mp3lasttitle
                0x40000092                mp3retries
                0x4000009c                mp3command_queue_stop
 .bss           0x400000da        0x0 ARM Flash Debug/rtc.o
 .bss           0x400000da        0x0 ARM Flash Debug/vfd.o
 .bss           0x400000da        0x0 ARM Flash Debug/crt0.o
 .bss           0x400000da        0x0 ARM Flash Debug/Philips_LPC210X_Startup.o
 *fill*         0x400000da        0x2 00
 .bss           0x400000dc        0x4 ARM Flash Debug/LPC210x.o
 .bss           0x400000e0       0x80 ARM Flash Debug/VIC.o
 .bss           0x40000160        0x0 ARM Flash Debug/VIC_irq_handler.o
 .bss           0x40000160        0x0 c:/crossworks for arm 1.7/lib/liblpc2000_v4t_a_le.a(liblpc2000_lpc21xx_get_cclk.o)
 .bss           0x40000160        0x0 c:/crossworks for arm 1.7/lib/liblpc2000_v4t_a_le.a(liblpc2000_lpc21xx_get_pclk.o)
 .bss           0x40000160        0x0 c:/crossworks for arm 1.7/lib/libarmdi_v4t_a_le.a(libarm_set_irq.o)
 .bss           0x40000160        0x0 c:/crossworks for arm 1.7/lib/libm_v4t_a_le.a(__int32_to_float32.o)
 .bss           0x40000160        0x0 c:/crossworks for arm 1.7/lib/libm_v4t_a_le.a(__uint32_to_float32.o)
 .bss           0x40000160        0x0 c:/crossworks for arm 1.7/lib/libm_v4t_a_le.a(__float32_to_int32.o)
 .bss           0x40000160        0x0 c:/crossworks for arm 1.7/lib/libm_v4t_a_le.a(__float32_mul.o)
 .bss           0x40000160        0x0 c:/crossworks for arm 1.7/lib/libm_v4t_a_le.a(__float32_div.o)
 .bss           0x40000160        0x0 c:/crossworks for arm 1.7/lib/libc_v4t_a_le.a(__int32_div.o)
 .bss           0x40000160        0x0 c:/crossworks for arm 1.7/lib/libc_v4t_a_le.a(__int32_udivmod.o)
 .bss           0x40000160        0x0 c:/crossworks for arm 1.7/lib/libc_v4t_a_le.a(memcpy.o)
 .bss           0x40000160        0x0 c:/crossworks for arm 1.7/lib/libc_v4t_a_le.a(memset.o)
 .bss           0x40000160        0x0 c:/crossworks for arm 1.7/lib/libc_v4t_a_le.a(strncpy.o)
 .bss           0x40000160        0x0 c:/crossworks for arm 1.7/lib/libc_v4t_a_le.a(sprintf.o)
 .bss           0x40000160        0x0 c:/crossworks for arm 1.7/lib/libc_v4t_a_le.a(vsnprintf.o)
 .bss           0x40000160        0x0 c:/crossworks for arm 1.7/lib/libc_v4t_a_le.a(atol.o)
 .bss           0x40000160        0x0 c:/crossworks for arm 1.7/lib/libc_v4t_a_le.a(strtol.o)
 .bss           0x40000160        0x0 c:/crossworks for arm 1.7/lib/libc_v4t_a_le.a(errno.o)
 .bss           0x40000160        0x0 c:/crossworks for arm 1.7/lib/libc_v4t_a_le.a(ctype.o)
 .bss           0x40000160        0x0 c:/crossworks for arm 1.7/lib/libc_v4t_a_le.a(__strtoul.o)
 .bss           0x40000160        0x0 c:/crossworks for arm 1.7/lib/libc_v4t_a_le.a(__digit.o)
 .bss           0x40000160        0x0 c:/crossworks for arm 1.7/lib/libc_targetio_impl_v4t_a_le.a(printf.o)
 .bss           0x40000160        0x0 c:/crossworks for arm 1.7/lib/lib_vfprintf_long_v4t_a_le.a(__vfprintf_long.o)
 .bss           0x40000160        0x0 c:/crossworks for arm 1.7/lib/libc_v4t_a_le.a(strlen.o)
 .bss           0x40000160        0x0 c:/crossworks for arm 1.7/lib/libc_v4t_a_le.a(__hex_lc_uc.o)
 *(COMMON)
 COMMON         0x40000160       0x74 ARM Flash Debug/dcf.o
                0x40000160                dcfdeltatimer
                0x40000164                dcf2
                0x4000018c                dcf1
                0x400001b4                dcfbuffer
 COMMON         0x400001d4     0x12df ARM Flash Debug/mp3.o
                0x400001d4                mp3list
                0x40001494                mp3command_last
                0x40001495                mp3command_queue
 *fill*         0x400014b3        0x1 00
 COMMON         0x400014b4       0x18 ARM Flash Debug/vfd.o
                0x400014b4                vfd_pg_percentfont
                0x400014b6                vfd_pg_y2
                0x400014b8                vfd_pg_y1
                0x400014ba                vfd_pg_x2
                0x400014bc                vfd_pg_unit
                0x400014c0                vfd_pg_maxvalue
                0x400014c2                vfd_pg_x1
                0x400014c4                vfd_pg_percentx
                0x400014c8                vfd_modebits
 COMMON         0x400014cc        0x4 c:/crossworks for arm 1.7/lib/libc_v4t_a_le.a(errno.o)
                0x400014cc                errno
                0x400014d0                __bss_end__ = (__bss_start__ + SIZEOF (.bss))
                0x00000001                . = ASSERT (((__bss_end__ >= __SRAM_segment_start__) && (__bss_end__ <= (__SRAM_segment_start__ + 0x2000))), error: .bss is too large to fit in SRAM memory segment)
                0x400014d0                __non_init_load_start__ = (__bss_end__ ALIGN 0x4)

.non_init       0x400014d0        0x0
                0x400014d0                __non_init_start__ = .
 *(.non_init .non_init.*)
                0x400014d0                __non_init_end__ = (__non_init_start__ + SIZEOF (.non_init))
                0x00000001                . = ASSERT (((__non_init_end__ >= __SRAM_segment_start__) && (__non_init_end__ <= (__SRAM_segment_start__ + 0x2000))), error: .non_init is too large to fit in SRAM memory segment)
                0x400014d0                __heap_load_start__ = (__non_init_end__ ALIGN 0x4)

.heap           0x400014d0      0x400
                0x400014d0                __heap_start__ = .
 *(.heap)
                0x400018d0                . = (((__heap_start__ + __HEAPSIZE__) MAX_K .) ALIGN 0x4)
 *fill*         0x400014d0      0x400 00
                0x400018d0                __heap_end__ = (__heap_start__ + SIZEOF (.heap))
                0x00000001                . = ASSERT (((__heap_end__ >= __SRAM_segment_start__) && (__heap_end__ <= (__SRAM_segment_start__ + 0x2000))), error: .heap is too large to fit in SRAM memory segment)
                0x400018d0                __stack_load_start__ = (__heap_end__ ALIGN 0x4)

.stack          0x400018d0      0x400
                0x400018d0                __stack_start__ = .
 *(.stack)
                0x40001cd0                . = (((__stack_start__ + __STACKSIZE__) MAX_K .) ALIGN 0x4)
 *fill*         0x400018d0      0x400 00
                0x40001cd0                __stack_end__ = (__stack_start__ + SIZEOF (.stack))
                0x00000001                . = ASSERT (((__stack_end__ >= __SRAM_segment_start__) && (__stack_end__ <= (__SRAM_segment_start__ + 0x2000))), error: .stack is too large to fit in SRAM memory segment)
                0x40001cd0                __stack_irq_load_start__ = (__stack_end__ ALIGN 0x4)

.stack_irq      0x40001cd0      0x100
                0x40001cd0                __stack_irq_start__ = .
 *(.stack_irq)
                0x40001dd0                . = (((__stack_irq_start__ + __STACKSIZE_IRQ__) MAX_K .) ALIGN 0x4)
 *fill*         0x40001cd0      0x100 00
                0x40001dd0                __stack_irq_end__ = (__stack_irq_start__ + SIZEOF (.stack_irq))
                0x00000001                . = ASSERT (((__stack_irq_end__ >= __SRAM_segment_start__) && (__stack_irq_end__ <= (__SRAM_segment_start__ + 0x2000))), error: .stack_irq is too large to fit in SRAM memory segment)
                0x40001dd0                __stack_fiq_load_start__ = (__stack_irq_end__ ALIGN 0x4)

.stack_fiq      0x40001dd0      0x100
                0x40001dd0                __stack_fiq_start__ = .
 *(.stack_fiq)
                0x40001ed0                . = (((__stack_fiq_start__ + __STACKSIZE_FIQ__) MAX_K .) ALIGN 0x4)
 *fill*         0x40001dd0      0x100 00
                0x40001ed0                __stack_fiq_end__ = (__stack_fiq_start__ + SIZEOF (.stack_fiq))
                0x00000001                . = ASSERT (((__stack_fiq_end__ >= __SRAM_segment_start__) && (__stack_fiq_end__ <= (__SRAM_segment_start__ + 0x2000))), error: .stack_fiq is too large to fit in SRAM memory segment)
                0x40001ed0                __stack_svc_load_start__ = (__stack_fiq_end__ ALIGN 0x4)

.stack_svc      0x40001ed0        0x0
                0x40001ed0                __stack_svc_start__ = .
 *(.stack_svc)
                0x40001ed4                . = (((__stack_svc_start__ + __STACKSIZE_SVC__) MAX_K .) ALIGN 0x4)
                0x40001ed0                __stack_svc_end__ = (__stack_svc_start__ + SIZEOF (.stack_svc))
                0x00000001                . = ASSERT (((__stack_svc_end__ >= __SRAM_segment_start__) && (__stack_svc_end__ <= (__SRAM_segment_start__ + 0x2000))), error: .stack_svc is too large to fit in SRAM memory segment)
                0x40001ed0                __stack_abt_load_start__ = (__stack_svc_end__ ALIGN 0x4)

.stack_abt      0x40001ed0        0x0
                0x40001ed0                __stack_abt_start__ = .
 *(.stack_abt)
                0x40001ed4                . = (((__stack_abt_start__ + __STACKSIZE_ABT__) MAX_K .) ALIGN 0x4)
                0x40001ed0                __stack_abt_end__ = (__stack_abt_start__ + SIZEOF (.stack_abt))
                0x00000001                . = ASSERT (((__stack_abt_end__ >= __SRAM_segment_start__) && (__stack_abt_end__ <= (__SRAM_segment_start__ + 0x2000))), error: .stack_abt is too large to fit in SRAM memory segment)
                0x40001ed0                __stack_und_load_start__ = (__stack_abt_end__ ALIGN 0x4)

.stack_und      0x40001ed0        0x0
                0x40001ed0                __stack_und_start__ = .
 *(.stack_und)
                0x40001ed4                . = (((__stack_und_start__ + __STACKSIZE_UND__) MAX_K .) ALIGN 0x4)
                0x40001ed0                __stack_und_end__ = (__stack_und_start__ + SIZEOF (.stack_und))
                0x40001ed0                __SRAM_segment_used_end__ = ((__stack_abt_end__ ALIGN 0x4) + SIZEOF (.stack_und))
                0x00000001                . = ASSERT (((__stack_und_end__ >= __SRAM_segment_start__) && (__stack_und_end__ <= (__SRAM_segment_start__ + 0x2000))), error: .stack_und is too large to fit in SRAM memory segment)
START GROUP
LOAD ARM Flash Debug/main.o
LOAD ARM Flash Debug/dcf.o
LOAD ARM Flash Debug/mp3.o
LOAD ARM Flash Debug/rtc.o
LOAD ARM Flash Debug/vfd.o
LOAD ARM Flash Debug/crt0.o
LOAD ARM Flash Debug/Philips_LPC210X_Startup.o
LOAD ARM Flash Debug/LPC210x.o
LOAD ARM Flash Debug/VIC.o
LOAD ARM Flash Debug/VIC_irq_handler.o
LOAD c:/crossworks for arm 1.7/lib/liblpc2000_v4t_a_le.a
LOAD c:/crossworks for arm 1.7/lib/libarmdi_v4t_a_le.a
LOAD c:/crossworks for arm 1.7/lib/libm_v4t_a_le.a
LOAD c:/crossworks for arm 1.7/lib/libc_v4t_a_le.a
LOAD c:/crossworks for arm 1.7/lib/libcpp_v4t_a_le.a
LOAD c:/crossworks for arm 1.7/lib/libdebugio_v4t_a_le.a
LOAD c:/crossworks for arm 1.7/lib/libc_targetio_impl_v4t_a_le.a
LOAD c:/crossworks for arm 1.7/lib/lib_vfprintf_long_v4t_a_le.a
LOAD c:/crossworks for arm 1.7/lib/lib_vfscanf_long_v4t_a_le.a
END GROUP
OUTPUT(ARM Flash Debug/Firmware501.elf elf32-littlearm)

.debug_abbrev   0x00000000      0x896
 .debug_abbrev  0x00000000      0x108 ARM Flash Debug/main.o
 .debug_abbrev  0x00000108       0xc5 ARM Flash Debug/dcf.o
 .debug_abbrev  0x000001cd      0x17b ARM Flash Debug/mp3.o
 .debug_abbrev  0x00000348       0xbb ARM Flash Debug/rtc.o
 .debug_abbrev  0x00000403      0x12b ARM Flash Debug/vfd.o
 .debug_abbrev  0x0000052e       0x14 ARM Flash Debug/crt0.o
 .debug_abbrev  0x00000542       0x10 ARM Flash Debug/Philips_LPC210X_Startup.o
 .debug_abbrev  0x00000552       0x99 ARM Flash Debug/LPC210x.o
 .debug_abbrev  0x000005eb       0xdc ARM Flash Debug/VIC.o
 .debug_abbrev  0x000006c7       0x14 ARM Flash Debug/VIC_irq_handler.o
 .debug_abbrev  0x000006db       0x25 c:/crossworks for arm 1.7/lib/liblpc2000_v4t_a_le.a(liblpc2000_lpc21xx_get_cclk.o)
 .debug_abbrev  0x00000700       0x25 c:/crossworks for arm 1.7/lib/liblpc2000_v4t_a_le.a(liblpc2000_lpc21xx_get_pclk.o)
 .debug_abbrev  0x00000725       0x23 c:/crossworks for arm 1.7/lib/libc_v4t_a_le.a(strncpy.o)
 .debug_abbrev  0x00000748       0x23 c:/crossworks for arm 1.7/lib/libc_v4t_a_le.a(sprintf.o)
 .debug_abbrev  0x0000076b       0x23 c:/crossworks for arm 1.7/lib/libc_v4t_a_le.a(vsnprintf.o)
 .debug_abbrev  0x0000078e       0x23 c:/crossworks for arm 1.7/lib/libc_v4t_a_le.a(atol.o)
 .debug_abbrev  0x000007b1       0x23 c:/crossworks for arm 1.7/lib/libc_v4t_a_le.a(strtol.o)
 .debug_abbrev  0x000007d4        0x1 c:/crossworks for arm 1.7/lib/libc_v4t_a_le.a(errno.o)
 .debug_abbrev  0x000007d5       0x23 c:/crossworks for arm 1.7/lib/libc_v4t_a_le.a(ctype.o)
 .debug_abbrev  0x000007f8       0x23 c:/crossworks for arm 1.7/lib/libc_v4t_a_le.a(__strtoul.o)
 .debug_abbrev  0x0000081b       0x23 c:/crossworks for arm 1.7/lib/libc_v4t_a_le.a(__digit.o)
 .debug_abbrev  0x0000083e       0x23 c:/crossworks for arm 1.7/lib/libc_targetio_impl_v4t_a_le.a(printf.o)
 .debug_abbrev  0x00000861       0x34 c:/crossworks for arm 1.7/lib/lib_vfprintf_long_v4t_a_le.a(__vfprintf_long.o)
 .debug_abbrev  0x00000895        0x1 c:/crossworks for arm 1.7/lib/libc_v4t_a_le.a(__hex_lc_uc.o)

.debug_info     0x00000000     0x23c9
 .debug_info    0x00000000      0x4b0 ARM Flash Debug/main.o
 .debug_info    0x000004b0      0x3c8 ARM Flash Debug/dcf.o
 .debug_info    0x00000878      0x6b5 ARM Flash Debug/mp3.o
 .debug_info    0x00000f2d      0x418 ARM Flash Debug/rtc.o
 .debug_info    0x00001345      0x6a7 ARM Flash Debug/vfd.o
 .debug_info    0x000019ec       0x7e ARM Flash Debug/crt0.o
 .debug_info    0x00001a6a       0x9a ARM Flash Debug/Philips_LPC210X_Startup.o
 .debug_info    0x00001b04      0x145 ARM Flash Debug/LPC210x.o
 .debug_info    0x00001c49      0x367 ARM Flash Debug/VIC.o
 .debug_info    0x00001fb0       0x9a ARM Flash Debug/VIC_irq_handler.o
 .debug_info    0x0000204a       0x35 c:/crossworks for arm 1.7/lib/liblpc2000_v4t_a_le.a(liblpc2000_lpc21xx_get_cclk.o)
 .debug_info    0x0000207f       0x35 c:/crossworks for arm 1.7/lib/liblpc2000_v4t_a_le.a(liblpc2000_lpc21xx_get_pclk.o)
 .debug_info    0x000020b4       0x32 c:/crossworks for arm 1.7/lib/libc_v4t_a_le.a(strncpy.o)
 .debug_info    0x000020e6       0x32 c:/crossworks for arm 1.7/lib/libc_v4t_a_le.a(sprintf.o)
 .debug_info    0x00002118       0x32 c:/crossworks for arm 1.7/lib/libc_v4t_a_le.a(vsnprintf.o)
 .debug_info    0x0000214a       0x32 c:/crossworks for arm 1.7/lib/libc_v4t_a_le.a(atol.o)
 .debug_info    0x0000217c       0x32 c:/crossworks for arm 1.7/lib/libc_v4t_a_le.a(strtol.o)
 .debug_info    0x000021ae        0x0 c:/crossworks for arm 1.7/lib/libc_v4t_a_le.a(errno.o)
 .debug_info    0x000021ae      0x11a c:/crossworks for arm 1.7/lib/libc_v4t_a_le.a(ctype.o)
 .debug_info    0x000022c8       0x32 c:/crossworks for arm 1.7/lib/libc_v4t_a_le.a(__strtoul.o)
 .debug_info    0x000022fa       0x32 c:/crossworks for arm 1.7/lib/libc_v4t_a_le.a(__digit.o)
 .debug_info    0x0000232c       0x32 c:/crossworks for arm 1.7/lib/libc_targetio_impl_v4t_a_le.a(printf.o)
 .debug_info    0x0000235e       0x6b c:/crossworks for arm 1.7/lib/lib_vfprintf_long_v4t_a_le.a(__vfprintf_long.o)
 .debug_info    0x000023c9        0x0 c:/crossworks for arm 1.7/lib/libc_v4t_a_le.a(__hex_lc_uc.o)

.debug_line     0x00000000      0xe44
 .debug_line    0x00000000       0x99 ARM Flash Debug/main.o
 .debug_line    0x00000099       0xc7 ARM Flash Debug/dcf.o
 .debug_line    0x00000160      0x158 ARM Flash Debug/mp3.o
 .debug_line    0x000002b8       0xf5 ARM Flash Debug/rtc.o
 .debug_line    0x000003ad      0x145 ARM Flash Debug/vfd.o
 .debug_line    0x000004f2       0xb7 ARM Flash Debug/crt0.o
 .debug_line    0x000005a9       0xb7 ARM Flash Debug/Philips_LPC210X_Startup.o
 .debug_line    0x00000660       0xab ARM Flash Debug/LPC210x.o
 .debug_line    0x0000070b       0xc7 ARM Flash Debug/VIC.o
 .debug_line    0x000007d2       0x84 ARM Flash Debug/VIC_irq_handler.o
 .debug_line    0x00000856       0xa0 c:/crossworks for arm 1.7/lib/liblpc2000_v4t_a_le.a(liblpc2000_lpc21xx_get_cclk.o)
 .debug_line    0x000008f6       0xa0 c:/crossworks for arm 1.7/lib/liblpc2000_v4t_a_le.a(liblpc2000_lpc21xx_get_pclk.o)
 .debug_line    0x00000996       0x72 c:/crossworks for arm 1.7/lib/libc_v4t_a_le.a(strncpy.o)
 .debug_line    0x00000a08       0x72 c:/crossworks for arm 1.7/lib/libc_v4t_a_le.a(sprintf.o)
 .debug_line    0x00000a7a       0x74 c:/crossworks for arm 1.7/lib/libc_v4t_a_le.a(vsnprintf.o)
 .debug_line    0x00000aee       0x6f c:/crossworks for arm 1.7/lib/libc_v4t_a_le.a(atol.o)
 .debug_line    0x00000b5d       0x71 c:/crossworks for arm 1.7/lib/libc_v4t_a_le.a(strtol.o)
 .debug_line    0x00000bce       0x1d c:/crossworks for arm 1.7/lib/libc_v4t_a_le.a(errno.o)
 .debug_line    0x00000beb       0x70 c:/crossworks for arm 1.7/lib/libc_v4t_a_le.a(ctype.o)
 .debug_line    0x00000c5b       0x74 c:/crossworks for arm 1.7/lib/libc_v4t_a_le.a(__strtoul.o)
 .debug_line    0x00000ccf       0x72 c:/crossworks for arm 1.7/lib/libc_v4t_a_le.a(__digit.o)
 .debug_line    0x00000d41       0x71 c:/crossworks for arm 1.7/lib/libc_targetio_impl_v4t_a_le.a(printf.o)
 .debug_line    0x00000db2       0x75 c:/crossworks for arm 1.7/lib/lib_vfprintf_long_v4t_a_le.a(__vfprintf_long.o)
 .debug_line    0x00000e27       0x1d c:/crossworks for arm 1.7/lib/libc_v4t_a_le.a(__hex_lc_uc.o)

.debug_frame    0x00000000     0x11a4
 .debug_frame   0x00000000       0xec ARM Flash Debug/main.o
 .debug_frame   0x000000ec      0x150 ARM Flash Debug/dcf.o
 .debug_frame   0x0000023c      0x3b0 ARM Flash Debug/mp3.o
 .debug_frame   0x000005ec      0x220 ARM Flash Debug/rtc.o
 .debug_frame   0x0000080c      0x360 ARM Flash Debug/vfd.o
 .debug_frame   0x00000b6c       0x94 ARM Flash Debug/LPC210x.o
 .debug_frame   0x00000c00       0xc0 ARM Flash Debug/VIC.o
 .debug_frame   0x00000cc0       0x20 c:/crossworks for arm 1.7/lib/liblpc2000_v4t_a_le.a(liblpc2000_lpc21xx_get_cclk.o)
 .debug_frame   0x00000ce0       0x20 c:/crossworks for arm 1.7/lib/liblpc2000_v4t_a_le.a(liblpc2000_lpc21xx_get_pclk.o)
 .debug_frame   0x00000d00       0x20 c:/crossworks for arm 1.7/lib/libarmdi_v4t_a_le.a(libarm_set_irq.o)
 .debug_frame   0x00000d20       0x20 c:/crossworks for arm 1.7/lib/libm_v4t_a_le.a(__int32_to_float32.o)
 .debug_frame   0x00000d40       0x20 c:/crossworks for arm 1.7/lib/libm_v4t_a_le.a(__uint32_to_float32.o)
 .debug_frame   0x00000d60       0x20 c:/crossworks for arm 1.7/lib/libm_v4t_a_le.a(__float32_to_int32.o)
 .debug_frame   0x00000d80       0x20 c:/crossworks for arm 1.7/lib/libm_v4t_a_le.a(__float32_mul.o)
 .debug_frame   0x00000da0       0x20 c:/crossworks for arm 1.7/lib/libm_v4t_a_le.a(__float32_div.o)
 .debug_frame   0x00000dc0       0x20 c:/crossworks for arm 1.7/lib/libc_v4t_a_le.a(__int32_div.o)
 .debug_frame   0x00000de0       0x20 c:/crossworks for arm 1.7/lib/libc_v4t_a_le.a(__int32_udivmod.o)
 .debug_frame   0x00000e00       0x20 c:/crossworks for arm 1.7/lib/libc_v4t_a_le.a(memcpy.o)
 .debug_frame   0x00000e20       0x20 c:/crossworks for arm 1.7/lib/libc_v4t_a_le.a(memset.o)
 .debug_frame   0x00000e40       0x2c c:/crossworks for arm 1.7/lib/libc_v4t_a_le.a(strncpy.o)
 .debug_frame   0x00000e6c       0x40 c:/crossworks for arm 1.7/lib/libc_v4t_a_le.a(sprintf.o)
 .debug_frame   0x00000eac       0x30 c:/crossworks for arm 1.7/lib/libc_v4t_a_le.a(vsnprintf.o)
 .debug_frame   0x00000edc       0x30 c:/crossworks for arm 1.7/lib/libc_v4t_a_le.a(atol.o)
 .debug_frame   0x00000f0c       0x3c c:/crossworks for arm 1.7/lib/libc_v4t_a_le.a(strtol.o)
 .debug_frame   0x00000f48       0xf0 c:/crossworks for arm 1.7/lib/libc_v4t_a_le.a(ctype.o)
 .debug_frame   0x00001038       0x40 c:/crossworks for arm 1.7/lib/libc_v4t_a_le.a(__strtoul.o)
 .debug_frame   0x00001078       0x30 c:/crossworks for arm 1.7/lib/libc_v4t_a_le.a(__digit.o)
 .debug_frame   0x000010a8       0x40 c:/crossworks for arm 1.7/lib/libc_targetio_impl_v4t_a_le.a(printf.o)
 .debug_frame   0x000010e8       0x9c c:/crossworks for arm 1.7/lib/lib_vfprintf_long_v4t_a_le.a(__vfprintf_long.o)
 .debug_frame   0x00001184       0x20 c:/crossworks for arm 1.7/lib/libc_v4t_a_le.a(strlen.o)

.debug_loc      0x00000000      0xd7a
 .debug_loc     0x00000000       0xd2 ARM Flash Debug/main.o
 .debug_loc     0x000000d2      0x126 ARM Flash Debug/dcf.o
 .debug_loc     0x000001f8      0x372 ARM Flash Debug/mp3.o
 .debug_loc     0x0000056a      0x1f8 ARM Flash Debug/rtc.o
 .debug_loc     0x00000762      0x31e ARM Flash Debug/vfd.o
 .debug_loc     0x00000a80       0x7e ARM Flash Debug/LPC210x.o
 .debug_loc     0x00000afe       0xa8 ARM Flash Debug/VIC.o
 .debug_loc     0x00000ba6       0x1f c:/crossworks for arm 1.7/lib/libc_v4t_a_le.a(strncpy.o)
 .debug_loc     0x00000bc5       0x37 c:/crossworks for arm 1.7/lib/libc_v4t_a_le.a(sprintf.o)
 .debug_loc     0x00000bfc       0x2b c:/crossworks for arm 1.7/lib/libc_v4t_a_le.a(vsnprintf.o)
 .debug_loc     0x00000c27       0x1f c:/crossworks for arm 1.7/lib/libc_v4t_a_le.a(atol.o)
 .debug_loc     0x00000c46       0x2b c:/crossworks for arm 1.7/lib/libc_v4t_a_le.a(strtol.o)
 .debug_loc     0x00000c71       0x2b c:/crossworks for arm 1.7/lib/libc_v4t_a_le.a(__strtoul.o)
 .debug_loc     0x00000c9c       0x1f c:/crossworks for arm 1.7/lib/libc_v4t_a_le.a(__digit.o)
 .debug_loc     0x00000cbb       0x37 c:/crossworks for arm 1.7/lib/libc_targetio_impl_v4t_a_le.a(printf.o)
 .debug_loc     0x00000cf2       0x88 c:/crossworks for arm 1.7/lib/lib_vfprintf_long_v4t_a_le.a(__vfprintf_long.o)

.debug_pubnames
                0x00000000      0x9d0
 .debug_pubnames
                0x00000000      0x18a ARM Flash Debug/main.o
 .debug_pubnames
                0x0000018a       0xed ARM Flash Debug/dcf.o
 .debug_pubnames
                0x00000277      0x229 ARM Flash Debug/mp3.o
 .debug_pubnames
                0x000004a0       0xde ARM Flash Debug/rtc.o
 .debug_pubnames
                0x0000057e      0x1fe ARM Flash Debug/vfd.o
 .debug_pubnames
                0x0000077c       0x43 ARM Flash Debug/LPC210x.o
 .debug_pubnames
                0x000007bf       0x46 ARM Flash Debug/VIC.o
 .debug_pubnames
                0x00000805       0x1e c:/crossworks for arm 1.7/lib/libc_v4t_a_le.a(strncpy.o)
 .debug_pubnames
                0x00000823       0x1e c:/crossworks for arm 1.7/lib/libc_v4t_a_le.a(sprintf.o)
 .debug_pubnames
                0x00000841       0x20 c:/crossworks for arm 1.7/lib/libc_v4t_a_le.a(vsnprintf.o)
 .debug_pubnames
                0x00000861       0x1b c:/crossworks for arm 1.7/lib/libc_v4t_a_le.a(atol.o)
 .debug_pubnames
                0x0000087c       0x1d c:/crossworks for arm 1.7/lib/libc_v4t_a_le.a(strtol.o)
 .debug_pubnames
                0x00000899       0xbb c:/crossworks for arm 1.7/lib/libc_v4t_a_le.a(ctype.o)
 .debug_pubnames
                0x00000954       0x20 c:/crossworks for arm 1.7/lib/libc_v4t_a_le.a(__strtoul.o)
 .debug_pubnames
                0x00000974       0x1e c:/crossworks for arm 1.7/lib/libc_v4t_a_le.a(__digit.o)
 .debug_pubnames
                0x00000992       0x1d c:/crossworks for arm 1.7/lib/libc_targetio_impl_v4t_a_le.a(printf.o)
 .debug_pubnames
                0x000009af       0x21 c:/crossworks for arm 1.7/lib/lib_vfprintf_long_v4t_a_le.a(__vfprintf_long.o)

.debug_aranges  0x00000000      0x2c8
 .debug_aranges
                0x00000000       0x20 ARM Flash Debug/main.o
 .debug_aranges
                0x00000020       0x20 ARM Flash Debug/dcf.o
 .debug_aranges
                0x00000040       0x20 ARM Flash Debug/mp3.o
 .debug_aranges
                0x00000060       0x20 ARM Flash Debug/rtc.o
 .debug_aranges
                0x00000080       0x20 ARM Flash Debug/vfd.o
 .debug_aranges
                0x000000a0       0x20 ARM Flash Debug/crt0.o
 .debug_aranges
                0x000000c0       0x28 ARM Flash Debug/Philips_LPC210X_Startup.o
 .debug_aranges
                0x000000e8       0x20 ARM Flash Debug/LPC210x.o
 .debug_aranges
                0x00000108       0x20 ARM Flash Debug/VIC.o
 .debug_aranges
                0x00000128       0x20 ARM Flash Debug/VIC_irq_handler.o
 .debug_aranges
                0x00000148       0x20 c:/crossworks for arm 1.7/lib/liblpc2000_v4t_a_le.a(liblpc2000_lpc21xx_get_cclk.o)
 .debug_aranges
                0x00000168       0x20 c:/crossworks for arm 1.7/lib/liblpc2000_v4t_a_le.a(liblpc2000_lpc21xx_get_pclk.o)
 .debug_aranges
                0x00000188       0x20 c:/crossworks for arm 1.7/lib/libc_v4t_a_le.a(strncpy.o)
 .debug_aranges
                0x000001a8       0x20 c:/crossworks for arm 1.7/lib/libc_v4t_a_le.a(sprintf.o)
 .debug_aranges
                0x000001c8       0x20 c:/crossworks for arm 1.7/lib/libc_v4t_a_le.a(vsnprintf.o)
 .debug_aranges
                0x000001e8       0x20 c:/crossworks for arm 1.7/lib/libc_v4t_a_le.a(atol.o)
 .debug_aranges
                0x00000208       0x20 c:/crossworks for arm 1.7/lib/libc_v4t_a_le.a(strtol.o)
 .debug_aranges
                0x00000228       0x20 c:/crossworks for arm 1.7/lib/libc_v4t_a_le.a(ctype.o)
 .debug_aranges
                0x00000248       0x20 c:/crossworks for arm 1.7/lib/libc_v4t_a_le.a(__strtoul.o)
 .debug_aranges
                0x00000268       0x20 c:/crossworks for arm 1.7/lib/libc_v4t_a_le.a(__digit.o)
 .debug_aranges
                0x00000288       0x20 c:/crossworks for arm 1.7/lib/libc_targetio_impl_v4t_a_le.a(printf.o)
 .debug_aranges
                0x000002a8       0x20 c:/crossworks for arm 1.7/lib/lib_vfprintf_long_v4t_a_le.a(__vfprintf_long.o)

.debug_str      0x00000000      0x5f4
 .debug_str     0x00000000       0x12 ARM Flash Debug/main.o
 .debug_str     0x00000012       0x12 ARM Flash Debug/dcf.o
 .debug_str     0x00000024       0x12 ARM Flash Debug/mp3.o
 .debug_str     0x00000036       0x12 ARM Flash Debug/vfd.o
 .debug_str     0x00000048       0x19 ARM Flash Debug/VIC.o
 .debug_str     0x00000061       0xe5 c:/crossworks for arm 1.7/lib/liblpc2000_v4t_a_le.a(liblpc2000_lpc21xx_get_cclk.o)
 .debug_str     0x00000146       0x9c c:/crossworks for arm 1.7/lib/liblpc2000_v4t_a_le.a(liblpc2000_lpc21xx_get_pclk.o)
                                 0xe5 (size before relaxing)
 .debug_str     0x000001e2       0x66 c:/crossworks for arm 1.7/lib/libc_v4t_a_le.a(strncpy.o)
 .debug_str     0x00000248       0x5a c:/crossworks for arm 1.7/lib/libc_v4t_a_le.a(sprintf.o)
                                 0x66 (size before relaxing)
 .debug_str     0x000002a2       0x5e c:/crossworks for arm 1.7/lib/libc_v4t_a_le.a(vsnprintf.o)
                                 0x6a (size before relaxing)
 .debug_str     0x00000300       0x54 c:/crossworks for arm 1.7/lib/libc_v4t_a_le.a(atol.o)
                                 0x60 (size before relaxing)
 .debug_str     0x00000354       0x58 c:/crossworks for arm 1.7/lib/libc_v4t_a_le.a(strtol.o)
                                 0x64 (size before relaxing)
 .debug_str     0x000003ac       0xc1 c:/crossworks for arm 1.7/lib/libc_v4t_a_le.a(ctype.o)
                                 0xcd (size before relaxing)
 .debug_str     0x0000046d       0x5e c:/crossworks for arm 1.7/lib/libc_v4t_a_le.a(__strtoul.o)
                                 0x6a (size before relaxing)
 .debug_str     0x000004cb       0x5a c:/crossworks for arm 1.7/lib/libc_v4t_a_le.a(__digit.o)
                                 0x66 (size before relaxing)
 .debug_str     0x00000525       0x51 c:/crossworks for arm 1.7/lib/libc_targetio_impl_v4t_a_le.a(printf.o)
                                 0x64 (size before relaxing)
 .debug_str     0x00000576       0x7e c:/crossworks for arm 1.7/lib/lib_vfprintf_long_v4t_a_le.a(__vfprintf_long.o)
                                 0x8a (size before relaxing)

.comment        0x00000000      0x1a4
 .comment       0x00000000       0x12 ARM Flash Debug/main.o
 .comment       0x00000012       0x12 ARM Flash Debug/dcf.o
 .comment       0x00000024       0x12 ARM Flash Debug/mp3.o
 .comment       0x00000036       0x12 ARM Flash Debug/rtc.o
 .comment       0x00000048       0x12 ARM Flash Debug/vfd.o
 .comment       0x0000005a       0x12 ARM Flash Debug/LPC210x.o
 .comment       0x0000006c       0x12 ARM Flash Debug/VIC.o
 .comment       0x0000007e       0x4e c:/crossworks for arm 1.7/lib/liblpc2000_v4t_a_le.a(liblpc2000_lpc21xx_get_cclk.o)
                                 0x4f (size before relaxing)
 .comment       0x00000000       0x4f c:/crossworks for arm 1.7/lib/liblpc2000_v4t_a_le.a(liblpc2000_lpc21xx_get_pclk.o)
 .comment       0x000000cc       0x12 c:/crossworks for arm 1.7/lib/libc_v4t_a_le.a(strncpy.o)
 .comment       0x000000de       0x12 c:/crossworks for arm 1.7/lib/libc_v4t_a_le.a(sprintf.o)
 .comment       0x000000f0       0x12 c:/crossworks for arm 1.7/lib/libc_v4t_a_le.a(vsnprintf.o)
 .comment       0x00000102       0x12 c:/crossworks for arm 1.7/lib/libc_v4t_a_le.a(atol.o)
 .comment       0x00000114       0x12 c:/crossworks for arm 1.7/lib/libc_v4t_a_le.a(strtol.o)
 .comment       0x00000126       0x12 c:/crossworks for arm 1.7/lib/libc_v4t_a_le.a(errno.o)
 .comment       0x00000138       0x12 c:/crossworks for arm 1.7/lib/libc_v4t_a_le.a(ctype.o)
 .comment       0x0000014a       0x12 c:/crossworks for arm 1.7/lib/libc_v4t_a_le.a(__strtoul.o)
 .comment       0x0000015c       0x12 c:/crossworks for arm 1.7/lib/libc_v4t_a_le.a(__digit.o)
 .comment       0x0000016e       0x12 c:/crossworks for arm 1.7/lib/libc_targetio_impl_v4t_a_le.a(printf.o)
 .comment       0x00000180       0x12 c:/crossworks for arm 1.7/lib/lib_vfprintf_long_v4t_a_le.a(__vfprintf_long.o)
 .comment       0x00000192       0x12 c:/crossworks for arm 1.7/lib/libc_v4t_a_le.a(__hex_lc_uc.o)

.debug_ranges   0x00000000       0x20
 .debug_ranges  0x00000000       0x10 c:/crossworks for arm 1.7/lib/liblpc2000_v4t_a_le.a(liblpc2000_lpc21xx_get_cclk.o)
 .debug_ranges  0x00000010       0x10 c:/crossworks for arm 1.7/lib/liblpc2000_v4t_a_le.a(liblpc2000_lpc21xx_get_pclk.o)

.ARM.attributes
                0x00000000       0x10
 .ARM.attributes
                0x00000000       0x10 c:/crossworks for arm 1.7/lib/liblpc2000_v4t_a_le.a(liblpc2000_lpc21xx_get_cclk.o)
 .ARM.attributes
                0x00000010       0x10 c:/crossworks for arm 1.7/lib/liblpc2000_v4t_a_le.a(liblpc2000_lpc21xx_get_pclk.o)
